[18:51:51] [Client thread/INFO]: Setting user: Engineer9736
[18:51:52] [Client thread/INFO]: LWJGL Version: 2.9.4
[18:51:53] [Client thread/INFO]: Reloading ResourceManager: Default
[18:51:53] [Sound Library Loader/INFO]: Starting up SoundSystem...
[18:51:53] [Thread-3/INFO]: Initializing LWJGL OpenAL
[18:51:53] [Thread-3/INFO]: (The LWJGL binding of OpenAL.  For more information, see http://www.lwjgl.org)
[18:51:53] [Thread-3/INFO]: OpenAL initialized.
[18:51:53] [Sound Library Loader/INFO]: Sound engine started
[18:52:01] [Client thread/INFO]: Created: 1024x512 textures-atlas
[18:52:04] [Client thread/INFO]: Narrator library for x64 successfully loaded
[18:52:10] [Server thread/INFO]: Starting integrated minecraft server version 1.12.2
[18:52:10] [Server thread/INFO]: Generating keypair
[18:52:10] [Server thread/INFO]: Loaded 488 advancements
[18:52:11] [Server thread/INFO]: Preparing start region for level 0
[18:52:12] [Server thread/INFO]: Preparing spawn area: 14%
[18:52:13] [Server thread/INFO]: Preparing spawn area: 31%
[18:52:14] [Server thread/INFO]: Preparing spawn area: 51%
[18:52:15] [Server thread/INFO]: Preparing spawn area: 73%
[18:52:16] [Server thread/INFO]: Preparing spawn area: 93%
[18:52:16] [Server thread/INFO]: Changing view distance to 12, from 10
[18:52:17] [Server thread/INFO]: Engineer9736[local:E:bbf58b03] logged in with entity id 2122 at (-47.5, 66.0, 243.5)
[18:52:17] [Server thread/INFO]: Engineer9736 joined the game
[18:52:24] [Client thread/INFO]: [CHAT] You do not have permission to use this command
[18:52:27] [Client thread/INFO]: [CHAT] Unknown command. Try /help for a list of commands
[18:52:28] [Server thread/INFO]: Saving and pausing game...
[18:52:28] [Server thread/INFO]: Saving chunks for level 'New World'/overworld
[18:52:28] [Server thread/INFO]: Saving chunks for level 'New World'/the_nether
[18:52:28] [Server thread/INFO]: Saving chunks for level 'New World'/the_end
[18:52:55] [Server thread/INFO]: Changing difficulty to PEACEFUL, from NORMAL
[18:53:24] [Client thread/INFO]: Loaded 7 advancements
[18:55:21] [Client thread/INFO]: Loaded 8 advancements
[18:55:38] [Client thread/INFO]: Loaded 19 advancements
[18:55:43] [Client thread/INFO]: Loaded 22 advancements
[18:57:45] [Client thread/INFO]: Loaded 23 advancements
[19:03:11] [Server thread/INFO]: Saving and pausing game...
[19:03:11] [Server thread/INFO]: Saving chunks for level 'New World'/overworld
[19:03:11] [Server thread/INFO]: Saving chunks for level 'New World'/the_nether
[19:03:11] [Server thread/INFO]: Saving chunks for level 'New World'/the_end
[19:03:14] [Server thread/INFO]: Stopping server
[19:03:14] [Server thread/INFO]: Saving players
[19:03:14] [Server thread/INFO]: Engineer9736 lost connection: Disconnected
[19:03:14] [Server thread/INFO]: Engineer9736 left the game
[19:03:14] [Server thread/INFO]: Stopping singleplayer server as player logged out
[19:03:14] [Server thread/INFO]: Saving worlds
[19:03:14] [Server thread/INFO]: Saving chunks for level 'New World'/overworld
[19:03:14] [Server thread/INFO]: Saving chunks for level 'New World'/the_nether
[19:03:14] [Server thread/INFO]: Saving chunks for level 'New World'/the_end
[19:03:18] [Client thread/INFO]: Stopping!
[19:03:18] [Client thread/INFO]: SoundSystem shutting down...
[19:03:18] [Client thread/WARN]: Author: Paul Lamb, www.paulscode.com
